// Jest Snapshot v1, https://goo.gl/fbAQLP

exports[`Filtered search binary token renders token and input with value in active mode 1`] = `
<div class="gl-filtered-search-binary-token">
  <gl-token-stub viewonly="true" variant="search-type"> testTitle</gl-token-stub> <input type="text" class="gl-filtered-search-binary-token-input">
  <portal-stub name="1" order="0" slotprops="[object Object]" tag="DIV" to="stub">
    <div>
      <div>
        <gl-filtered-search-suggestion-stub value="test1">1</gl-filtered-search-suggestion-stub>
        <gl-filtered-search-suggestion-stub value="test2">2</gl-filtered-search-suggestion-stub>
      </div>
    </div>
  </portal-stub>
</div>
`;

exports[`Filtered search binary token renders tokens in inactive mode 1`] = `
<div class="gl-filtered-search-binary-token">
  <gl-token-stub viewonly="true" variant="search-type"> testTitle</gl-token-stub>
  <gl-token-stub variant="search-value">test-value</gl-token-stub>
  <!---->
</div>
`;
